I'm sorry, but errors were detected in your script. Please correct the
errors listed below, and try again.


File "game/screens.rpy", line 754: 'define' is not a keyword argument or valid child of the vbox statement.
    define config.default_music_volume = 0.5
          ^

Ren'Py Version: Ren'Py 8.1.3.23091805
Fri Sep 22 01:48:31 2023
